net.optile.payment.form.OperationTest.putValue_success=[
  "{\"allowRecurrence\":\"true\",\"autoRegistration\":\"true\",\"account\":{\"number\":\"accountnumber123\",\"holderName\":\"John Doe\",\"expiryMonth\":12,\"expiryYear\":2019,\"verificationCode\":\"123\",\"bankCode\":\"bankcode123\",\"iban\":\"iban123\",\"bic\":\"bic123\"}}"
]